[2026-08-05 11:44:25Z INFO HostContext] No proxy settings were found based on environmental variables (http_proxy/https_proxy/HTTP_PROXY/HTTPS_PROXY)
[2026-08-05 11:44:25Z INFO HostContext] Well known directory 'Bin': 'C:\Users\IreenParveen\Documents\boomi_backup_poc\actions-runner\bin'
[2026-08-05 11:44:25Z INFO HostContext] Well known directory 'Root': 'C:\Users\IreenParveen\Documents\boomi_backup_poc\actions-runner'
[2026-08-05 11:44:25Z INFO HostContext] Well known config file 'Credentials': 'C:\Users\IreenParveen\Documents\boomi_backup_poc\actions-runner\.credentials'
[2026-08-05 11:44:25Z INFO HostContext] Well known directory 'Bin': 'C:\Users\IreenParveen\Documents\boomi_backup_poc\actions-runner\bin'
[2026-08-05 11:44:25Z INFO HostContext] Well known directory 'Root': 'C:\Users\IreenParveen\Documents\boomi_backup_poc\actions-runner'
[2026-08-05 11:44:25Z INFO HostContext] Well known config file 'Runner': 'C:\Users\IreenParveen\Documents\boomi_backup_poc\actions-runner\.runner'
[2026-08-05 11:44:25Z INFO Listener] Runner is built for Windows (X64) - win-x64.
[2026-08-05 11:44:25Z INFO Listener] RuntimeInformation: Microsoft Windows 10.0.26200.
[2026-08-05 11:44:25Z INFO Listener] Version: 2.336.0
[2026-08-05 11:44:25Z INFO Listener] Commit: 98aabcd429c4e8402406c56ce2d26387fed3b9ce
[2026-08-05 11:44:25Z INFO Listener] Culture: en-IN
[2026-08-05 11:44:25Z INFO Listener] UI Culture: en-US
[2026-08-05 11:44:25Z INFO HostContext] Well known directory 'Bin': 'C:\Users\IreenParveen\Documents\boomi_backup_poc\actions-runner\bin'
[2026-08-05 11:44:25Z INFO HostContext] Well known directory 'Root': 'C:\Users\IreenParveen\Documents\boomi_backup_poc\actions-runner'
[2026-08-05 11:44:25Z INFO Listener] Validating directory permissions for: 'C:\Users\IreenParveen\Documents\boomi_backup_poc\actions-runner'
[2026-08-05 11:44:25Z INFO CommandLineParser] Parse
[2026-08-05 11:44:25Z INFO CommandLineParser] Parsing 1 args
[2026-08-05 11:44:25Z INFO CommandLineParser] parsing argument
[2026-08-05 11:44:25Z INFO CommandLineParser] HasArgs: False
[2026-08-05 11:44:25Z INFO CommandLineParser] Adding Command: remove
[2026-08-05 11:44:25Z INFO Listener] Arguments parsed
[2026-08-05 11:44:25Z INFO Runner] ExecuteCommand
[2026-08-05 11:44:25Z INFO ConfigurationStore] currentAssemblyLocation: C:\Users\IreenParveen\Documents\boomi_backup_poc\actions-runner\bin\Runner.Listener.dll
[2026-08-05 11:44:25Z INFO HostContext] Well known directory 'Bin': 'C:\Users\IreenParveen\Documents\boomi_backup_poc\actions-runner\bin'
[2026-08-05 11:44:25Z INFO ConfigurationStore] binPath: C:\Users\IreenParveen\Documents\boomi_backup_poc\actions-runner\bin
[2026-08-05 11:44:25Z INFO HostContext] Well known directory 'Bin': 'C:\Users\IreenParveen\Documents\boomi_backup_poc\actions-runner\bin'
[2026-08-05 11:44:25Z INFO HostContext] Well known directory 'Root': 'C:\Users\IreenParveen\Documents\boomi_backup_poc\actions-runner'
[2026-08-05 11:44:25Z INFO ConfigurationStore] RootFolder: C:\Users\IreenParveen\Documents\boomi_backup_poc\actions-runner
[2026-08-05 11:44:25Z INFO HostContext] Well known directory 'Bin': 'C:\Users\IreenParveen\Documents\boomi_backup_poc\actions-runner\bin'
[2026-08-05 11:44:25Z INFO HostContext] Well known directory 'Root': 'C:\Users\IreenParveen\Documents\boomi_backup_poc\actions-runner'
[2026-08-05 11:44:25Z INFO HostContext] Well known config file 'Runner': 'C:\Users\IreenParveen\Documents\boomi_backup_poc\actions-runner\.runner'
[2026-08-05 11:44:25Z INFO ConfigurationStore] ConfigFilePath: C:\Users\IreenParveen\Documents\boomi_backup_poc\actions-runner\.runner
[2026-08-05 11:44:25Z INFO HostContext] Well known directory 'Bin': 'C:\Users\IreenParveen\Documents\boomi_backup_poc\actions-runner\bin'
[2026-08-05 11:44:25Z INFO HostContext] Well known directory 'Root': 'C:\Users\IreenParveen\Documents\boomi_backup_poc\actions-runner'
[2026-08-05 11:44:25Z INFO HostContext] Well known config file 'MigratedRunner': 'C:\Users\IreenParveen\Documents\boomi_backup_poc\actions-runner\.runner_migrated'
[2026-08-05 11:44:25Z INFO ConfigurationStore] MigratedConfigFilePath: C:\Users\IreenParveen\Documents\boomi_backup_poc\actions-runner\.runner_migrated
[2026-08-05 11:44:25Z INFO HostContext] Well known directory 'Bin': 'C:\Users\IreenParveen\Documents\boomi_backup_poc\actions-runner\bin'
[2026-08-05 11:44:25Z INFO HostContext] Well known directory 'Root': 'C:\Users\IreenParveen\Documents\boomi_backup_poc\actions-runner'
[2026-08-05 11:44:25Z INFO HostContext] Well known config file 'Credentials': 'C:\Users\IreenParveen\Documents\boomi_backup_poc\actions-runner\.credentials'
[2026-08-05 11:44:25Z INFO ConfigurationStore] CredFilePath: C:\Users\IreenParveen\Documents\boomi_backup_poc\actions-runner\.credentials
[2026-08-05 11:44:25Z INFO HostContext] Well known directory 'Bin': 'C:\Users\IreenParveen\Documents\boomi_backup_poc\actions-runner\bin'
[2026-08-05 11:44:25Z INFO HostContext] Well known directory 'Root': 'C:\Users\IreenParveen\Documents\boomi_backup_poc\actions-runner'
[2026-08-05 11:44:25Z INFO HostContext] Well known config file 'MigratedCredentials': 'C:\Users\IreenParveen\Documents\boomi_backup_poc\actions-runner\.credentials_migrated'
[2026-08-05 11:44:25Z INFO ConfigurationStore] MigratedCredFilePath: C:\Users\IreenParveen\Documents\boomi_backup_poc\actions-runner\.credentials_migrated
[2026-08-05 11:44:25Z INFO HostContext] Well known directory 'Bin': 'C:\Users\IreenParveen\Documents\boomi_backup_poc\actions-runner\bin'
[2026-08-05 11:44:25Z INFO HostContext] Well known directory 'Root': 'C:\Users\IreenParveen\Documents\boomi_backup_poc\actions-runner'
[2026-08-05 11:44:25Z INFO HostContext] Well known config file 'Service': 'C:\Users\IreenParveen\Documents\boomi_backup_poc\actions-runner\.service'
[2026-08-05 11:44:25Z INFO ConfigurationStore] ServiceConfigFilePath: C:\Users\IreenParveen\Documents\boomi_backup_poc\actions-runner\.service
[2026-08-05 11:44:25Z INFO CommandSettings] Flag 'help': 'False'
[2026-08-05 11:44:25Z INFO CommandSettings] Flag 'version': 'False'
[2026-08-05 11:44:25Z INFO CommandSettings] Flag 'commit': 'False'
[2026-08-05 11:44:25Z INFO CommandSettings] Flag 'check': 'False'
[2026-08-05 11:44:25Z INFO CommandSettings] Command 'configure': 'False'
[2026-08-05 11:44:25Z INFO CommandSettings] Command 'remove': 'True'
[2026-08-05 11:44:25Z INFO CommandSettings] Flag 'local': 'False'
[2026-08-05 11:44:25Z INFO ConfigurationStore] IsServiceConfigured()
[2026-08-05 11:44:25Z INFO ConfigurationStore] IsServiceConfigured: False
[2026-08-05 11:44:25Z INFO ConfigurationStore] IsConfigured()
[2026-08-05 11:44:25Z INFO ConfigurationStore] IsConfigured: True
[2026-08-05 11:44:25Z INFO ConfigurationStore] HasCredentials()
[2026-08-05 11:44:25Z INFO ConfigurationStore] stored True
[2026-08-05 11:44:25Z INFO ConfigurationStore] Read setting file: 409 chars
[2026-08-05 11:44:25Z INFO CommandSettings] Arg 'token': ''
[2026-08-05 11:44:25Z INFO CommandSettings] Flag 'unattended': 'False'
[2026-08-05 11:44:25Z INFO PromptManager] ReadValue
[2026-08-05 11:44:25Z INFO Terminal] WRITE: Enter runner remove token: 
[2026-08-05 11:44:25Z INFO Terminal] READ SECRET
[2026-08-05 11:44:34Z INFO Terminal] WRITE LINE: Exiting...
