[2026-08-05 11:45:07Z INFO HostContext] No proxy settings were found based on environmental variables (http_proxy/https_proxy/HTTP_PROXY/HTTPS_PROXY)
[2026-08-05 11:45:07Z INFO HostContext] Well known directory 'Bin': 'C:\Users\IreenParveen\Documents\boomi_backup_poc\actions-runner\bin'
[2026-08-05 11:45:07Z INFO HostContext] Well known directory 'Root': 'C:\Users\IreenParveen\Documents\boomi_backup_poc\actions-runner'
[2026-08-05 11:45:07Z INFO HostContext] Well known config file 'Credentials': 'C:\Users\IreenParveen\Documents\boomi_backup_poc\actions-runner\.credentials'
[2026-08-05 11:45:07Z INFO HostContext] Well known directory 'Bin': 'C:\Users\IreenParveen\Documents\boomi_backup_poc\actions-runner\bin'
[2026-08-05 11:45:07Z INFO HostContext] Well known directory 'Root': 'C:\Users\IreenParveen\Documents\boomi_backup_poc\actions-runner'
[2026-08-05 11:45:07Z INFO HostContext] Well known config file 'Runner': 'C:\Users\IreenParveen\Documents\boomi_backup_poc\actions-runner\.runner'
[2026-08-05 11:45:07Z INFO Listener] Runner is built for Windows (X64) - win-x64.
[2026-08-05 11:45:07Z INFO Listener] RuntimeInformation: Microsoft Windows 10.0.26200.
[2026-08-05 11:45:07Z INFO Listener] Version: 2.336.0
[2026-08-05 11:45:07Z INFO Listener] Commit: 98aabcd429c4e8402406c56ce2d26387fed3b9ce
[2026-08-05 11:45:07Z INFO Listener] Culture: en-IN
[2026-08-05 11:45:07Z INFO Listener] UI Culture: en-US
[2026-08-05 11:45:07Z INFO HostContext] Well known directory 'Bin': 'C:\Users\IreenParveen\Documents\boomi_backup_poc\actions-runner\bin'
[2026-08-05 11:45:07Z INFO HostContext] Well known directory 'Root': 'C:\Users\IreenParveen\Documents\boomi_backup_poc\actions-runner'
[2026-08-05 11:45:07Z INFO Listener] Validating directory permissions for: 'C:\Users\IreenParveen\Documents\boomi_backup_poc\actions-runner'
[2026-08-05 11:45:07Z INFO CommandLineParser] Parse
[2026-08-05 11:45:07Z INFO CommandLineParser] Parsing 5 args
[2026-08-05 11:45:07Z INFO CommandLineParser] parsing argument
[2026-08-05 11:45:07Z INFO CommandLineParser] HasArgs: False
[2026-08-05 11:45:07Z INFO CommandLineParser] Adding Command: configure
[2026-08-05 11:45:07Z INFO CommandLineParser] parsing argument
[2026-08-05 11:45:07Z INFO CommandLineParser] HasArgs: True
[2026-08-05 11:45:07Z INFO CommandLineParser] arg: url
[2026-08-05 11:45:07Z INFO CommandLineParser] parsing argument
[2026-08-05 11:45:07Z INFO CommandLineParser] HasArgs: True
[2026-08-05 11:45:07Z INFO CommandLineParser] Adding option 'url': 'https://github.com/ireenparveen123/boomi_backup_poc'
[2026-08-05 11:45:07Z INFO CommandLineParser] parsing argument
[2026-08-05 11:45:07Z INFO CommandLineParser] HasArgs: True
[2026-08-05 11:45:07Z INFO CommandLineParser] arg: token
[2026-08-05 11:45:07Z INFO CommandLineParser] parsing argument
[2026-08-05 11:45:07Z INFO CommandLineParser] HasArgs: True
[2026-08-05 11:45:07Z INFO CommandLineParser] Adding option 'token': '***'
[2026-08-05 11:45:07Z INFO Listener] Arguments parsed
[2026-08-05 11:45:07Z INFO Runner] ExecuteCommand
[2026-08-05 11:45:07Z INFO ConfigurationStore] currentAssemblyLocation: C:\Users\IreenParveen\Documents\boomi_backup_poc\actions-runner\bin\Runner.Listener.dll
[2026-08-05 11:45:07Z INFO HostContext] Well known directory 'Bin': 'C:\Users\IreenParveen\Documents\boomi_backup_poc\actions-runner\bin'
[2026-08-05 11:45:07Z INFO ConfigurationStore] binPath: C:\Users\IreenParveen\Documents\boomi_backup_poc\actions-runner\bin
[2026-08-05 11:45:07Z INFO HostContext] Well known directory 'Bin': 'C:\Users\IreenParveen\Documents\boomi_backup_poc\actions-runner\bin'
[2026-08-05 11:45:07Z INFO HostContext] Well known directory 'Root': 'C:\Users\IreenParveen\Documents\boomi_backup_poc\actions-runner'
[2026-08-05 11:45:07Z INFO ConfigurationStore] RootFolder: C:\Users\IreenParveen\Documents\boomi_backup_poc\actions-runner
[2026-08-05 11:45:07Z INFO HostContext] Well known directory 'Bin': 'C:\Users\IreenParveen\Documents\boomi_backup_poc\actions-runner\bin'
[2026-08-05 11:45:07Z INFO HostContext] Well known directory 'Root': 'C:\Users\IreenParveen\Documents\boomi_backup_poc\actions-runner'
[2026-08-05 11:45:07Z INFO HostContext] Well known config file 'Runner': 'C:\Users\IreenParveen\Documents\boomi_backup_poc\actions-runner\.runner'
[2026-08-05 11:45:07Z INFO ConfigurationStore] ConfigFilePath: C:\Users\IreenParveen\Documents\boomi_backup_poc\actions-runner\.runner
[2026-08-05 11:45:07Z INFO HostContext] Well known directory 'Bin': 'C:\Users\IreenParveen\Documents\boomi_backup_poc\actions-runner\bin'
[2026-08-05 11:45:07Z INFO HostContext] Well known directory 'Root': 'C:\Users\IreenParveen\Documents\boomi_backup_poc\actions-runner'
[2026-08-05 11:45:07Z INFO HostContext] Well known config file 'MigratedRunner': 'C:\Users\IreenParveen\Documents\boomi_backup_poc\actions-runner\.runner_migrated'
[2026-08-05 11:45:07Z INFO ConfigurationStore] MigratedConfigFilePath: C:\Users\IreenParveen\Documents\boomi_backup_poc\actions-runner\.runner_migrated
[2026-08-05 11:45:07Z INFO HostContext] Well known directory 'Bin': 'C:\Users\IreenParveen\Documents\boomi_backup_poc\actions-runner\bin'
[2026-08-05 11:45:07Z INFO HostContext] Well known directory 'Root': 'C:\Users\IreenParveen\Documents\boomi_backup_poc\actions-runner'
[2026-08-05 11:45:07Z INFO HostContext] Well known config file 'Credentials': 'C:\Users\IreenParveen\Documents\boomi_backup_poc\actions-runner\.credentials'
[2026-08-05 11:45:07Z INFO ConfigurationStore] CredFilePath: C:\Users\IreenParveen\Documents\boomi_backup_poc\actions-runner\.credentials
[2026-08-05 11:45:07Z INFO HostContext] Well known directory 'Bin': 'C:\Users\IreenParveen\Documents\boomi_backup_poc\actions-runner\bin'
[2026-08-05 11:45:07Z INFO HostContext] Well known directory 'Root': 'C:\Users\IreenParveen\Documents\boomi_backup_poc\actions-runner'
[2026-08-05 11:45:07Z INFO HostContext] Well known config file 'MigratedCredentials': 'C:\Users\IreenParveen\Documents\boomi_backup_poc\actions-runner\.credentials_migrated'
[2026-08-05 11:45:07Z INFO ConfigurationStore] MigratedCredFilePath: C:\Users\IreenParveen\Documents\boomi_backup_poc\actions-runner\.credentials_migrated
[2026-08-05 11:45:07Z INFO HostContext] Well known directory 'Bin': 'C:\Users\IreenParveen\Documents\boomi_backup_poc\actions-runner\bin'
[2026-08-05 11:45:07Z INFO HostContext] Well known directory 'Root': 'C:\Users\IreenParveen\Documents\boomi_backup_poc\actions-runner'
[2026-08-05 11:45:07Z INFO HostContext] Well known config file 'Service': 'C:\Users\IreenParveen\Documents\boomi_backup_poc\actions-runner\.service'
[2026-08-05 11:45:07Z INFO ConfigurationStore] ServiceConfigFilePath: C:\Users\IreenParveen\Documents\boomi_backup_poc\actions-runner\.service
[2026-08-05 11:45:07Z INFO CommandSettings] Flag 'help': 'False'
[2026-08-05 11:45:07Z INFO CommandSettings] Flag 'version': 'False'
[2026-08-05 11:45:07Z INFO CommandSettings] Flag 'commit': 'False'
[2026-08-05 11:45:07Z INFO CommandSettings] Flag 'check': 'False'
[2026-08-05 11:45:07Z INFO CommandSettings] Command 'configure': 'True'
[2026-08-05 11:45:07Z INFO Terminal] WRITE LINE: 
[2026-08-05 11:45:07Z INFO Terminal] WRITE LINE: --------------------------------------------------------------------------------
[2026-08-05 11:45:07Z INFO Terminal] WRITE LINE: |        ____ _ _   _   _       _          _        _   _                      |
[2026-08-05 11:45:07Z INFO Terminal] WRITE LINE: |       / ___(_) |_| | | |_   _| |__      / \   ___| |_(_) ___  _ __  ___      |
[2026-08-05 11:45:07Z INFO Terminal] WRITE LINE: |      | |  _| | __| |_| | | | | '_ \    / _ \ / __| __| |/ _ \| '_ \/ __|     |
[2026-08-05 11:45:07Z INFO Terminal] WRITE LINE: |      | |_| | | |_|  _  | |_| | |_) |  / ___ \ (__| |_| | (_) | | | \__ \     |
[2026-08-05 11:45:07Z INFO Terminal] WRITE LINE: |       \____|_|\__|_| |_|\__,_|_.__/  /_/   \_\___|\__|_|\___/|_| |_|___/     |
[2026-08-05 11:45:07Z INFO Terminal] WRITE LINE: |                                                                              |
[2026-08-05 11:45:07Z INFO Terminal] WRITE: |                       
[2026-08-05 11:45:07Z INFO Terminal] WRITE: Self-hosted runner registration
[2026-08-05 11:45:07Z INFO Terminal] WRITE LINE:                         |
[2026-08-05 11:45:07Z INFO Terminal] WRITE LINE: |                                                                              |
[2026-08-05 11:45:07Z INFO Terminal] WRITE LINE: --------------------------------------------------------------------------------
[2026-08-05 11:45:07Z INFO ConfigurationManager] ConfigureAsync
[2026-08-05 11:45:07Z INFO CommandSettings] Flag 'generateServiceConfig': 'False'
[2026-08-05 11:45:07Z INFO ConfigurationStore] IsConfigured()
[2026-08-05 11:45:07Z INFO ConfigurationStore] IsConfigured: False
[2026-08-05 11:45:07Z INFO ConfigurationManager] Is configured: False
[2026-08-05 11:45:07Z INFO CommandSettings] Arg 'url': 'https://github.com/ireenparveen123/boomi_backup_poc'
[2026-08-05 11:45:07Z INFO CommandSettings] Remove url from Arg dictionary.
[2026-08-05 11:45:07Z INFO CommandSettings] Arg 'token': '***'
[2026-08-05 11:45:07Z INFO CommandSettings] Remove token from Arg dictionary.
[2026-08-05 11:45:08Z INFO ConfigurationManager] Http response code: OK from 'POST https://api.github.com/actions/runner-registration' (361C:140E55:1A47743:1C021F9:6A732242)
[2026-08-05 11:45:08Z INFO ConfigurationManager] Using runner-admin flow: False
[2026-08-05 11:45:08Z INFO ConfigurationManager] cred retrieved via GitHub auth
[2026-08-05 11:45:08Z INFO RunnerServer] EstablishVssConnection
[2026-08-05 11:45:08Z INFO RunnerServer] Establish connection with 100 seconds timeout.
[2026-08-05 11:45:08Z INFO GitHubActionsService] Starting operation Location.GetConnectionData
[2026-08-05 11:45:08Z INFO RunnerServer] EstablishVssConnection
[2026-08-05 11:45:08Z INFO RunnerServer] Establish connection with 60 seconds timeout.
[2026-08-05 11:45:08Z INFO GitHubActionsService] Starting operation Location.GetConnectionData
[2026-08-05 11:45:08Z INFO RunnerServer] EstablishVssConnection
[2026-08-05 11:45:08Z INFO RunnerServer] Establish connection with 60 seconds timeout.
[2026-08-05 11:45:08Z INFO GitHubActionsService] Starting operation Location.GetConnectionData
[2026-08-05 11:45:09Z INFO GitHubActionsService] Finished operation Location.GetConnectionData
[2026-08-05 11:45:09Z INFO GitHubActionsService] Finished operation Location.GetConnectionData
[2026-08-05 11:45:09Z INFO GitHubActionsService] Finished operation Location.GetConnectionData
[2026-08-05 11:45:09Z INFO Terminal] WRITE LINE: 
[2026-08-05 11:45:09Z INFO ConfigurationManager] Test Connection complete.
[2026-08-05 11:45:09Z INFO HostContext] Well known directory 'Bin': 'C:\Users\IreenParveen\Documents\boomi_backup_poc\actions-runner\bin'
[2026-08-05 11:45:09Z INFO HostContext] Well known directory 'Root': 'C:\Users\IreenParveen\Documents\boomi_backup_poc\actions-runner'
[2026-08-05 11:45:09Z INFO HostContext] Well known config file 'RSACredentials': 'C:\Users\IreenParveen\Documents\boomi_backup_poc\actions-runner\.credentials_rsaparams'
[2026-08-05 11:45:09Z INFO RSAEncryptedFileKeyManager] Creating new RSA key using 2048-bit key length
[2026-08-05 11:45:09Z INFO RSAEncryptedFileKeyManager] Successfully saved RSA key parameters to file C:\Users\IreenParveen\Documents\boomi_backup_poc\actions-runner\.credentials_rsaparams
[2026-08-05 11:45:10Z INFO CommandSettings] Arg 'runnergroup': ''
[2026-08-05 11:45:10Z INFO CommandSettings] Flag 'unattended': 'False'
[2026-08-05 11:45:10Z INFO PromptManager] ReadValue
[2026-08-05 11:45:10Z INFO Terminal] WRITE: Enter the name of the runner group to add this runner to: 
[2026-08-05 11:45:10Z INFO Terminal] WRITE: [press Enter for Default] 
[2026-08-05 11:45:10Z INFO Terminal] READ LINE
[2026-08-05 11:45:37Z INFO Terminal] Read value: 'boomi-runner-1'
[2026-08-05 11:45:37Z INFO Terminal] WRITE LINE: 
[2026-08-05 11:45:37Z ERR  Runner] GitHub.DistributedTask.WebApi.TaskAgentPoolNotFoundException: Could not find any self-hosted runner group named "boomi-runner-1".
   at GitHub.Runner.Listener.Configuration.ConfigurationManager.ConfigureAsync(CommandSettings command)
   at GitHub.Runner.Listener.Runner.ExecuteCommand(CommandSettings command)
[2026-08-05 11:45:37Z ERR  Terminal] WRITE ERROR: Could not find any self-hosted runner group named "boomi-runner-1".
[2026-08-05 11:45:37Z INFO Listener] Runner execution has finished with return code 1
