[2026-08-05 12:04:19Z INFO HostContext] No proxy settings were found based on environmental variables (http_proxy/https_proxy/HTTP_PROXY/HTTPS_PROXY)
[2026-08-05 12:04:19Z INFO HostContext] Well known directory 'Bin': 'C:\Users\IreenParveen\Documents\boomi_backup_poc\actions-runner\bin'
[2026-08-05 12:04:19Z INFO HostContext] Well known directory 'Root': 'C:\Users\IreenParveen\Documents\boomi_backup_poc\actions-runner'
[2026-08-05 12:04:19Z INFO HostContext] Well known config file 'Credentials': 'C:\Users\IreenParveen\Documents\boomi_backup_poc\actions-runner\.credentials'
[2026-08-05 12:04:20Z INFO HostContext] Well known directory 'Bin': 'C:\Users\IreenParveen\Documents\boomi_backup_poc\actions-runner\bin'
[2026-08-05 12:04:20Z INFO HostContext] Well known directory 'Root': 'C:\Users\IreenParveen\Documents\boomi_backup_poc\actions-runner'
[2026-08-05 12:04:20Z INFO HostContext] Well known config file 'Runner': 'C:\Users\IreenParveen\Documents\boomi_backup_poc\actions-runner\.runner'
[2026-08-05 12:04:20Z INFO Listener] Runner is built for Windows (X64) - win-x64.
[2026-08-05 12:04:20Z INFO Listener] RuntimeInformation: Microsoft Windows 10.0.26200.
[2026-08-05 12:04:20Z INFO Listener] Version: 2.336.0
[2026-08-05 12:04:20Z INFO Listener] Commit: 98aabcd429c4e8402406c56ce2d26387fed3b9ce
[2026-08-05 12:04:20Z INFO Listener] Culture: en-IN
[2026-08-05 12:04:20Z INFO Listener] UI Culture: en-US
[2026-08-05 12:04:20Z INFO HostContext] Well known directory 'Bin': 'C:\Users\IreenParveen\Documents\boomi_backup_poc\actions-runner\bin'
[2026-08-05 12:04:20Z INFO HostContext] Well known directory 'Root': 'C:\Users\IreenParveen\Documents\boomi_backup_poc\actions-runner'
[2026-08-05 12:04:20Z INFO Listener] Validating directory permissions for: 'C:\Users\IreenParveen\Documents\boomi_backup_poc\actions-runner'
[2026-08-05 12:04:20Z ERR  Terminal] WRITE ERROR: An error occurred: Permission to read the directory contents is required for 'C:\Users\IreenParveen\Documents\boomi_backup_poc\actions-runner' and each directory up the hierarchy. Access to the path 'C:\Users\IreenParveen\Documents\boomi_backup_poc' is denied.
[2026-08-05 12:04:20Z ERR  Listener] System.UnauthorizedAccessException: Permission to read the directory contents is required for 'C:\Users\IreenParveen\Documents\boomi_backup_poc\actions-runner' and each directory up the hierarchy. Access to the path 'C:\Users\IreenParveen\Documents\boomi_backup_poc' is denied.
 ---> System.UnauthorizedAccessException: Access to the path 'C:\Users\IreenParveen\Documents\boomi_backup_poc' is denied.
   at System.IO.Enumeration.FileSystemEnumerator`1.CreateDirectoryHandle(String path, Boolean ignoreNotFound)
   at System.IO.Enumeration.FileSystemEnumerator`1.Init()
   at System.IO.Enumeration.FileSystemEnumerable`1..ctor(String directory, FindTransform transform, EnumerationOptions options, Boolean isNormalized)
   at System.IO.Enumeration.FileSystemEnumerableFactory.UserEntries(String directory, String expression, EnumerationOptions options)
   at System.IO.Directory.InternalEnumeratePaths(String path, String searchPattern, SearchTarget searchTarget, EnumerationOptions options)
   at GitHub.Runner.Sdk.IOUtil.ValidateExecutePermission(String directory)
   --- End of inner exception stack trace ---
   at GitHub.Runner.Sdk.IOUtil.ValidateExecutePermission(String directory)
   at GitHub.Runner.Listener.Program.MainAsync(IHostContext context, String[] args)
[2026-08-05 12:04:20Z ERR  Listener] #####################################################
[2026-08-05 12:04:20Z ERR  Listener] System.UnauthorizedAccessException: Access to the path 'C:\Users\IreenParveen\Documents\boomi_backup_poc' is denied.
   at System.IO.Enumeration.FileSystemEnumerator`1.CreateDirectoryHandle(String path, Boolean ignoreNotFound)
   at System.IO.Enumeration.FileSystemEnumerator`1.Init()
   at System.IO.Enumeration.FileSystemEnumerable`1..ctor(String directory, FindTransform transform, EnumerationOptions options, Boolean isNormalized)
   at System.IO.Enumeration.FileSystemEnumerableFactory.UserEntries(String directory, String expression, EnumerationOptions options)
   at System.IO.Directory.InternalEnumeratePaths(String path, String searchPattern, SearchTarget searchTarget, EnumerationOptions options)
   at GitHub.Runner.Sdk.IOUtil.ValidateExecutePermission(String directory)
